﻿
> lonewriter@1.1.0 electron:build
> npm run build && electron-builder


> lonewriter@1.1.0 build
> vite build

[36mvite v7.3.1 [32mbuilding client environment for production...[36m[39m
transforming...
[32mÔ£ô[39m 2626 modules transformed.
node.exe : [33mnode_module
s/vm-browserify/index.js 
(110:11): Use of eval in "n
ode_modules/vm-browserify/i
ndex.js" is strongly 
discouraged as it poses 
security risks and may 
cause issues with 
minification.[39m
En C:\Program 
Files\nodejs\npm.ps1: 29 
Carácter: 3
+   & $NODE_EXE 
$NPM_CLI_JS $args
+   ~~~~~~~~~~~~~~~~~~~~~~~
~~~~~~
    + CategoryInfo         
     : NotSpecified    : 
([33mnode_modul.    
..ification.[39m:S    
tring) [], RemoteEx    
ception
    + FullyQualifiedErr    
orId : NativeComman    
dError
 
rendering chunks...
computing gzip size...
[2mdist/[22m[32mregisterSW.js              [39m[1m[2m    0.14 kB[22m[1m[22m
[2mdist/[22m[32mmanifest.webmanifest       [39m[1m[2m    0.45 kB[22m[1m[22m
[2mdist/[22m[32mindex.html                 [39m[1m[2m    1.37 kB[22m[1m[22m[2m Ôöé gzip:   0.70 kB[22m
[2mdist/[22m[35massets/index-gor0SveI.css  [39m[1m[2m   73.68 kB[22m[1m[22m[2m Ôöé gzip:  11.31 kB[22m
[2mdist/[22m[36massets/index-CfGTFB7Z.js   [39m[1m[33m3,149.50 kB[39m[22m[2m Ôöé gzip: 892.48 kB[22m
[33m
(!) Some chunks are larger 
than 500 kB after 
minification. Consider:
- Using dynamic import() 
to code-split the 
application
- Use build.rollupOptions.o
utput.manualChunks to 
improve chunking: https://r
ollupjs.org/configuration-o
ptions/#output-manualchunks
- Adjust chunk size limit 
for this warning via build.
chunkSizeWarningLimit.[39m
[32mÔ£ô built in 34.92s[39m

PWA v1.2.0
mode      generateSW
precache  8 entries (3149.10 KiB)
files generated
  dist/sw.js
  dist/workbox-8c29f6e4.js
  ÔÇó electron-builder  version=26.8.1 os=10.0.26200
  ÔÇó loaded configuration  file=package.json ("build" field)
  ÔÇó description is missed in the package.json  appPackageFile=C:\LoneWriter\package.json
  Ô¿» Invalid configuration object. electron-builder 26.8.1 has been initialized using a configuration object that does not match the API schema.
 - configuration.nsis has an unknown property 'displayLanguageSelection'. These properties are valid:
   object { allowElevation?, allowToChangeInstallationDirectory?, artifactName?, buildUniversalInstaller?, createDesktopShortcut?, createStartMenuShortcut?, customNsisBinary?, customNsisResources?, deleteAppDataOnUninstall?, differentialPackage?, displayLanguageSelector?, guid?, include?, installerHeader?, installerHeaderIcon?, installerIcon?, installerLanguages?, installerSidebar?, language?, license?, menuCategory?, multiLanguageInstaller?, oneClick?, packElevateHelper?, perMachine?, preCompressedFileExtensions?, publish?, removeDefaultUninstallWelcomePage?, runAfterFinish?, script?, selectPerMachineByDefault?, shortcutName?, unicode?, uninstallDisplayName?, uninstallUrlHelp?, uninstallUrlInfoAbout?, uninstallUrlReadme?, uninstallUrlUpdateInfo?, uninstallerIcon?, uninstallerSidebar?, useZip?, warningsAsErrors? }
     How to fix:
     1. Open https://www.electron.build/nsis
     2. Search the option name on the page (or type in into Search to find across the docs).
       * Not found? The option was deprecated or not exists (check spelling).
       * Found? Check that the option in the appropriate place. e.g. "title" only in the "dmg", not in the root.
  failedTask=build stackTrace=ValidationError: Invalid configuration object. electron-builder 26.8.1 has been initialized using a configuration object that does not match the API schema.
 - configuration.nsis has an unknown property 'displayLanguageSelection'. These properties are valid:
   object { allowElevation?, allowToChangeInstallationDirectory?, artifactName?, buildUniversalInstaller?, createDesktopShortcut?, createStartMenuShortcut?, customNsisBinary?, customNsisResources?, deleteAppDataOnUninstall?, differentialPackage?, displayLanguageSelector?, guid?, include?, installerHeader?, installerHeaderIcon?, installerIcon?, installerLanguages?, installerSidebar?, language?, license?, menuCategory?, multiLanguageInstaller?, oneClick?, packElevateHelper?, perMachine?, preCompressedFileExtensions?, publish?, removeDefaultUninstallWelcomePage?, runAfterFinish?, script?, selectPerMachineByDefault?, shortcutName?, unicode?, uninstallDisplayName?, uninstallUrlHelp?, uninstallUrlInfoAbout?, uninstallUrlReadme?, uninstallUrlUpdateInfo?, uninstallerIcon?, uninstallerSidebar?, useZip?, warningsAsErrors? }
     How to fix:
     1. Open https://www.electron.build/nsis
     2. Search the option name on the page (or type in into Search to find across the docs).
       * Not found? The option was deprecated or not exists (check spelling).
       * Found? Check that the option in the appropriate place. e.g. "title" only in the "dmg", not in the root.
                                                                                                                                                                                                                                                                                                                                                                                                                                                                                                                                                                                                                                                                                                                                                                                                                                                                                                                                                                                                                                                                                                                                                                                                                                                                                                                                                                                                                                                                                  at validate (C:\LoneWriter\node_modules\@develar\schema-utils\dist\validate.js:86:11)
    at validateConfiguration (C:\LoneWriter\node_modules\app-builder-lib\src\util\config\config.ts:239:3)
    at Packager.validateConfig (C:\LoneWriter\node_modules\app-builder-lib\src\packager.ts:398:5)
    at Packager.build (C:\LoneWriter\node_modules\app-builder-lib\src\packager.ts:406:5)
    at executeFinally (C:\LoneWriter\node_modules\builder-util\src\promise.ts:12:14)
